// Jest Snapshot v1, https://goo.gl/fbAQLP

exports[`MenuButton correct rendering 1`] = `
<button
  className="menu-button"
  onClick={[Function]}
>
  <div
    className="menu-button__label menu-button__label_selected"
  >
    Test
  </div>
  <div
    className="menu-button__counter"
  >
    10
  </div>
</button>
`;
